python : F..
At line:1 char:47
+ ... ONPATH="."; 
python api/tests/test
_minimal.py > 
test_output.txt 
2>&1;  ...
+                 ~~~
~~~~~~~~~~~~~~~~~~~~~
~~~~~~~~~~~~~~~~~~~~~
~~~~~~~~~~
    + CategoryInfo   
           : NotSpe  
  cified: (F..:Str   
 ing) [], RemoteE    
xception
    + FullyQualified 
   ErrorId : Native  
  CommandError
 
=====================
=====================
=====================
=======
FAIL: test_keyword_ma
tching (__main__.Test
FollowUpMinimal.test_
keyword_matching)
---------------------
---------------------
---------------------
-------
Traceback (most 
recent call last):
  File "C:\Users\impe
r\Documents\cvms-faqb
ot\api\tests\test_min
imal.py", line 37, 
in 
test_keyword_matching
    self.assertEqual(
suggestions[0]["text"
], "See wedding 
portfolio")
AssertionError: 
'View our portfolio' 
!= 'See wedding 
portfolio'
- View our portfolio
+ See wedding 
portfolio


---------------------
---------------------
---------------------
-------
Ran 3 tests in 0.006s

FAILED (failures=1)
DEBUG: Found 3 suggestions for 'how much'
DEBUG: Found 3 suggestions for 'wedding'
DEBUG: Message length: 119
DEBUG: Found 3 suggestions
